// Bun Snapshot v1, https://goo.gl/fbAQLP

exports[`function add 1`] = `11`;
